// Jest Snapshot v1, https://goo.gl/fbAQLP

exports[`<MovementsTable /> renders correctly without failing 1`] = `
<section
  className="movements-table-area"
>
  <header
    className="movements-table-header"
  >
    <h2>
      Movements
    </h2>
  </header>
  <div
    className="movements-table-wrapper"
  >
    <table
      className="presence-table movements-table"
    >
      <tbody>
        <tr
          className="movements-table-highlight--positive"
        >
          <td
            className="header-container has-bottom-border has-right-border"
          >
            <h3
              className="is-dark"
            >
              Arrival
            </h3>
          </td>
          <td
            className="has-bottom-border has-right-border"
          >
            12 Feb 2018
          </td>
          <td
            className="has-bottom-border"
          >
            R
          </td>
        </tr>
        <tr
          className="movements-table-highlight--negative"
        >
          <td
            className="header-container has-bottom-border has-right-border"
          >
            <h3
              className="is-dark"
            >
              Departure
            </h3>
          </td>
          <td
            className="has-bottom-border has-right-border"
          >
            20 Jan 2018
          </td>
          <td
            className="has-bottom-border"
          />
        </tr>
      </tbody>
    </table>
  </div>
</section>
`;
